18:15:29 **** Build of configuration Debug for project ddr4Test ****
make all 
Building file: ../src/xmt_common.c
Invoking: ARM v8 gcc compiler
aarch64-none-elf-gcc -Wall -O0 -g3 -c -fmessage-length=0 -MT"src/xmt_common.o" -I../../ddr4Test_bsp/psu_cortexa53_0/include -MMD -MP -MF"src/xmt_common.d" -MT"src/xmt_common.o" -o "src/xmt_common.o" "../src/xmt_common.c"
In file included from ../src/xmt_common.h:70,
                 from ../src/xmt_common.c:54:
../../ddr4Test_bsp/psu_cortexa53_0/include/xtime_l.h:87:9: note: #pragma message: For the sleep routines, Global timer is being used
 #pragma message ("For the sleep routines, Global timer is being used")
         ^~~~~~~
Finished building: ../src/xmt_common.c
 
Building file: ../src/xmt_main.c
Invoking: ARM v8 gcc compiler
aarch64-none-elf-gcc -Wall -O0 -g3 -c -fmessage-length=0 -MT"src/xmt_main.o" -I../../ddr4Test_bsp/psu_cortexa53_0/include -MMD -MP -MF"src/xmt_main.d" -MT"src/xmt_main.o" -o "src/xmt_main.o" "../src/xmt_main.c"
In file included from ../src/xmt_common.h:70,
                 from ../src/xmt_main.c:54:
../../ddr4Test_bsp/psu_cortexa53_0/include/xtime_l.h:87:9: note: #pragma message: For the sleep routines, Global timer is being used
 #pragma message ("For the sleep routines, Global timer is being used")
         ^~~~~~~
Finished building: ../src/xmt_main.c
 
Building file: ../src/xmt_read_eye.c
Invoking: ARM v8 gcc compiler
aarch64-none-elf-gcc -Wall -O0 -g3 -c -fmessage-length=0 -MT"src/xmt_read_eye.o" -I../../ddr4Test_bsp/psu_cortexa53_0/include -MMD -MP -MF"src/xmt_read_eye.d" -MT"src/xmt_read_eye.o" -o "src/xmt_read_eye.o" "../src/xmt_read_eye.c"
In file included from ../src/xmt_common.h:70,
                 from ../src/xmt_read_eye.c:54:
../../ddr4Test_bsp/psu_cortexa53_0/include/xtime_l.h:87:9: note: #pragma message: For the sleep routines, Global timer is being used
 #pragma message ("For the sleep routines, Global timer is being used")
         ^~~~~~~
Finished building: ../src/xmt_read_eye.c
 
Building file: ../src/xmt_write_eye.c
Invoking: ARM v8 gcc compiler
aarch64-none-elf-gcc -Wall -O0 -g3 -c -fmessage-length=0 -MT"src/xmt_write_eye.o" -I../../ddr4Test_bsp/psu_cortexa53_0/include -MMD -MP -MF"src/xmt_write_eye.d" -MT"src/xmt_write_eye.o" -o "src/xmt_write_eye.o" "../src/xmt_write_eye.c"
In file included from ../src/xmt_common.h:70,
                 from ../src/xmt_write_eye.c:54:
../../ddr4Test_bsp/psu_cortexa53_0/include/xtime_l.h:87:9: note: #pragma message: For the sleep routines, Global timer is being used
 #pragma message ("For the sleep routines, Global timer is being used")
         ^~~~~~~
Finished building: ../src/xmt_write_eye.c
 
Building target: ddr4Test.elf
Invoking: ARM v8 gcc linker
aarch64-none-elf-gcc -Wl,-T -Wl,../src/lscript.ld -L../../ddr4Test_bsp/psu_cortexa53_0/lib -o "ddr4Test.elf"  ./src/xmt_common.o ./src/xmt_main.o ./src/xmt_read_eye.o ./src/xmt_write_eye.o   -Wl,--start-group,-lxil,-lgcc,-lc,--end-group
Finished building target: ddr4Test.elf
 
Invoking: ARM v8 Print Size
aarch64-none-elf-size ddr4Test.elf  |tee "ddr4Test.elf.size"
   text	   data	    bss	    dec	    hex	filename
  62260	   5192	  20700	  88152	  15858	ddr4Test.elf
Finished building: ddr4Test.elf.size
 

18:15:29 Build Finished (took 614ms)

